C:\Users\Alex Astakhov\IdeaProjects\KismiaMVN\src\main\java\pageObjects\FooterBlock.java
C:\Users\Alex Astakhov\IdeaProjects\KismiaMVN\src\main\java\core\BrowserFactory.java
C:\Users\Alex Astakhov\IdeaProjects\KismiaMVN\src\main\java\myListeners\ListenerWithBrowserShot.java
C:\Users\Alex Astakhov\IdeaProjects\KismiaMVN\src\main\java\pageObjects\ProfilePage.java
C:\Users\Alex Astakhov\IdeaProjects\KismiaMVN\src\main\java\core\MethodFactory.java
C:\Users\Alex Astakhov\IdeaProjects\KismiaMVN\src\main\java\pageObjects\LanguageBlock.java
C:\Users\Alex Astakhov\IdeaProjects\KismiaMVN\src\main\java\pageObjects\ProfileSettingsPage.java
C:\Users\Alex Astakhov\IdeaProjects\KismiaMVN\src\main\java\pageObjects\MenuBlock.java
C:\Users\Alex Astakhov\IdeaProjects\KismiaMVN\src\main\java\pageObjects\IndexPage.java
C:\Users\Alex Astakhov\IdeaProjects\KismiaMVN\src\main\java\myListeners\ListenerWithScreenShot.java
C:\Users\Alex Astakhov\IdeaProjects\KismiaMVN\src\main\java\myListeners\ListenerConsolLog.java
C:\Users\Alex Astakhov\IdeaProjects\KismiaMVN\src\main\java\myListeners\ListenerFileLog.java
C:\Users\Alex Astakhov\IdeaProjects\KismiaMVN\src\main\java\pageObjects\HeaderBlock.java
